<?php return array (
  0 => 'Symfony\\Bundle\\FrameworkBundle\\Controller\\AbstractController',
  1 => 'App\\Controller\\AnnonceController',
  2 => 'App\\Controller\\AppController',
  3 => 'App\\Controller\\AuthController',
  4 => 'App\\Controller\\CategorieController',
  5 => 'App\\Controller\\ChartController',
  6 => 'App\\Controller\\ClassificationController',
  7 => 'App\\Controller\\EvenementController',
  8 => 'App\\Controller\\MetierController',
  9 => 'App\\Controller\\PdfGeneratorController',
  10 => 'App\\Controller\\ProjetController',
  11 => 'App\\Controller\\RaitingController',
  12 => 'App\\Controller\\RegistrationController',
  13 => 'App\\Controller\\ResetPasswordController',
  14 => 'App\\Controller\\SousMetierController',
  15 => 'App\\Controller\\TacheController',
  16 => 'App\\Controller\\UserController',
  17 => 'App\\Entity\\Annonce',
  18 => 'App\\Entity\\Categorie',
  19 => 'App\\Entity\\Classification',
  20 => 'App\\Entity\\Evenement',
  21 => 'App\\Entity\\Metier',
  22 => 'App\\Entity\\Projet',
  23 => 'App\\Entity\\Raiting',
  24 => 'App\\Entity\\ResetPasswordRequest',
  25 => 'App\\Entity\\SousMetier',
  26 => 'App\\Entity\\Tache',
  27 => 'App\\Entity\\User',
  28 => 'Doctrine\\Bundle\\DoctrineBundle\\Controller\\ProfilerController',
  29 => 'Doctrine\\ORM\\Cache\\Persister\\Entity\\AbstractEntityPersister',
  30 => 'Doctrine\\ORM\\Cache\\Persister\\Entity\\CachedEntityPersister',
  31 => 'Doctrine\\ORM\\Cache\\Persister\\Entity\\NonStrictReadWriteCachedEntityPersister',
  32 => 'Doctrine\\ORM\\Cache\\Persister\\Entity\\ReadOnlyCachedEntityPersister',
  33 => 'Doctrine\\ORM\\Cache\\Persister\\Entity\\ReadWriteCachedEntityPersister',
  34 => 'Doctrine\\ORM\\Persisters\\Entity\\AbstractEntityInheritancePersister',
  35 => 'Doctrine\\ORM\\Persisters\\Entity\\BasicEntityPersister',
  36 => 'Doctrine\\ORM\\Persisters\\Entity\\CachedPersisterContext',
  37 => 'Doctrine\\ORM\\Persisters\\Entity\\EntityPersister',
  38 => 'Doctrine\\ORM\\Persisters\\Entity\\JoinedSubclassPersister',
  39 => 'Doctrine\\ORM\\Persisters\\Entity\\SingleTablePersister',
  40 => 'Endroid\\QrCodeBundle\\Controller\\GenerateController',
  41 => 'SymfonyCasts\\Bundle\\ResetPassword\\Controller\\ResetPasswordControllerTrait',
  43 => 'Symfony\\Bundle\\FrameworkBundle\\Controller\\ControllerResolver',
  44 => 'Symfony\\Bundle\\FrameworkBundle\\Controller\\RedirectController',
  45 => 'Symfony\\Bundle\\FrameworkBundle\\Controller\\TemplateController',
  46 => 'Symfony\\Bundle\\WebProfilerBundle\\Controller\\ExceptionPanelController',
  47 => 'Symfony\\Bundle\\WebProfilerBundle\\Controller\\ProfilerController',
  48 => 'Symfony\\Bundle\\WebProfilerBundle\\Controller\\RouterController',
  49 => 'Symfony\\Component\\HttpKernel\\Controller\\ArgumentResolver',
  50 => 'Symfony\\Component\\HttpKernel\\Controller\\ArgumentResolverInterface',
  51 => 'Symfony\\Component\\HttpKernel\\Controller\\ArgumentResolver\\DefaultValueResolver',
  52 => 'Symfony\\Component\\HttpKernel\\Controller\\ArgumentResolver\\NotTaggedControllerValueResolver',
  53 => 'Symfony\\Component\\HttpKernel\\Controller\\ArgumentResolver\\RequestAttributeValueResolver',
  54 => 'Symfony\\Component\\HttpKernel\\Controller\\ArgumentResolver\\RequestValueResolver',
  55 => 'Symfony\\Component\\HttpKernel\\Controller\\ArgumentResolver\\ServiceValueResolver',
  56 => 'Symfony\\Component\\HttpKernel\\Controller\\ArgumentResolver\\SessionValueResolver',
  57 => 'Symfony\\Component\\HttpKernel\\Controller\\ArgumentResolver\\TraceableValueResolver',
  58 => 'Symfony\\Component\\HttpKernel\\Controller\\ArgumentResolver\\VariadicValueResolver',
  59 => 'Symfony\\Component\\HttpKernel\\Controller\\ArgumentValueResolverInterface',
  60 => 'Symfony\\Component\\HttpKernel\\Controller\\ContainerControllerResolver',
  61 => 'Symfony\\Component\\HttpKernel\\Controller\\ControllerReference',
  62 => 'Symfony\\Component\\HttpKernel\\Controller\\ControllerResolver',
  63 => 'Symfony\\Component\\HttpKernel\\Controller\\ControllerResolverInterface',
  64 => 'Symfony\\Component\\HttpKernel\\Controller\\ErrorController',
  65 => 'Symfony\\Component\\HttpKernel\\Controller\\TraceableArgumentResolver',
  66 => 'Symfony\\Component\\HttpKernel\\Controller\\TraceableControllerResolver',
  67 => 'Symfony\\Component\\Security\\Http\\Controller\\UserValueResolver',
  68 => 'Symfony\\UX\\Autocomplete\\Controller\\EntityAutocompleteController',
);